Archive member included because of file (symbol)

c:/winavr-20100110/bin/../lib/gcc/avr/4.3.3/avr5\libgcc.a(_udivmodqi4.o)
                              ./Source/02-ECUA/SSD/Src/SSD.o (__udivmodqi4)
c:/winavr-20100110/bin/../lib/gcc/avr/4.3.3/avr5\libgcc.a(_udivmodsi4.o)
                              ./Source/01-MCAL/UART/Src/UART.o (__udivmodsi4)
c:/winavr-20100110/bin/../lib/gcc/avr/4.3.3/avr5\libgcc.a(_exit.o)
                              c:/winavr-20100110/bin/../lib/gcc/avr/4.3.3/../../../../avr/lib/avr5/crtm32.o (exit)
c:/winavr-20100110/bin/../lib/gcc/avr/4.3.3/avr5\libgcc.a(_copy_data.o)
                              ./Source/02-ECUA/LCD/Src/LCD.o (__do_copy_data)
c:/winavr-20100110/bin/../lib/gcc/avr/4.3.3/avr5\libgcc.a(_fixunssfsi.o)
                              ./Source/02-ECUA/SSD/Src/SSD.o (__fixunssfsi)
c:/winavr-20100110/bin/../lib/gcc/avr/4.3.3/avr5\libgcc.a(_addsub_sf.o)
                              c:/winavr-20100110/bin/../lib/gcc/avr/4.3.3/avr5\libgcc.a(_fixunssfsi.o) (__subsf3)
c:/winavr-20100110/bin/../lib/gcc/avr/4.3.3/avr5\libgcc.a(_mul_sf.o)
                              ./Source/02-ECUA/SSD/Src/SSD.o (__mulsf3)
c:/winavr-20100110/bin/../lib/gcc/avr/4.3.3/avr5\libgcc.a(_div_sf.o)
                              ./Source/02-ECUA/SSD/Src/SSD.o (__divsf3)
c:/winavr-20100110/bin/../lib/gcc/avr/4.3.3/avr5\libgcc.a(_gt_sf.o)
                              ./Source/02-ECUA/SSD/Src/SSD.o (__gtsf2)
c:/winavr-20100110/bin/../lib/gcc/avr/4.3.3/avr5\libgcc.a(_ge_sf.o)
                              c:/winavr-20100110/bin/../lib/gcc/avr/4.3.3/avr5\libgcc.a(_fixunssfsi.o) (__gesf2)
c:/winavr-20100110/bin/../lib/gcc/avr/4.3.3/avr5\libgcc.a(_lt_sf.o)
                              ./Source/02-ECUA/SSD/Src/SSD.o (__ltsf2)
c:/winavr-20100110/bin/../lib/gcc/avr/4.3.3/avr5\libgcc.a(_sf_to_si.o)
                              c:/winavr-20100110/bin/../lib/gcc/avr/4.3.3/avr5\libgcc.a(_fixunssfsi.o) (__fixsfsi)
c:/winavr-20100110/bin/../lib/gcc/avr/4.3.3/avr5\libgcc.a(_thenan_sf.o)
                              c:/winavr-20100110/bin/../lib/gcc/avr/4.3.3/avr5\libgcc.a(_addsub_sf.o) (__thenan_sf)
c:/winavr-20100110/bin/../lib/gcc/avr/4.3.3/avr5\libgcc.a(_usi_to_sf.o)
                              ./Source/01-MCAL/ADC/Src/ADC.o (__floatunsisf)
c:/winavr-20100110/bin/../lib/gcc/avr/4.3.3/avr5\libgcc.a(_prologue.o)
                              c:/winavr-20100110/bin/../lib/gcc/avr/4.3.3/avr5\libgcc.a(_addsub_sf.o) (__prologue_saves__)
c:/winavr-20100110/bin/../lib/gcc/avr/4.3.3/avr5\libgcc.a(_epilogue.o)
                              c:/winavr-20100110/bin/../lib/gcc/avr/4.3.3/avr5\libgcc.a(_addsub_sf.o) (__epilogue_restores__)
c:/winavr-20100110/bin/../lib/gcc/avr/4.3.3/avr5\libgcc.a(_clzsi2.o)
                              c:/winavr-20100110/bin/../lib/gcc/avr/4.3.3/avr5\libgcc.a(_usi_to_sf.o) (__clzsi2)
c:/winavr-20100110/bin/../lib/gcc/avr/4.3.3/avr5\libgcc.a(_pack_sf.o)
                              c:/winavr-20100110/bin/../lib/gcc/avr/4.3.3/avr5\libgcc.a(_addsub_sf.o) (__pack_f)
c:/winavr-20100110/bin/../lib/gcc/avr/4.3.3/avr5\libgcc.a(_unpack_sf.o)
                              c:/winavr-20100110/bin/../lib/gcc/avr/4.3.3/avr5\libgcc.a(_addsub_sf.o) (__unpack_f)
c:/winavr-20100110/bin/../lib/gcc/avr/4.3.3/avr5\libgcc.a(_fpcmp_parts_sf.o)
                              c:/winavr-20100110/bin/../lib/gcc/avr/4.3.3/avr5\libgcc.a(_gt_sf.o) (__fpcmp_parts_f)
c:/winavr-20100110/bin/../lib/gcc/avr/4.3.3/avr5\libgcc.a(_clz.o)
                              c:/winavr-20100110/bin/../lib/gcc/avr/4.3.3/avr5\libgcc.a(_clzsi2.o) (__clz_tab)
c:/winavr-20100110/bin/../lib/gcc/avr/4.3.3/../../../../avr/lib/avr5\libc.a(sprintf.o)
                              ./Source/02-ECUA/LCD/Src/LCD.o (sprintf)
c:/winavr-20100110/bin/../lib/gcc/avr/4.3.3/../../../../avr/lib/avr5\libc.a(vfprintf_std.o)
                              c:/winavr-20100110/bin/../lib/gcc/avr/4.3.3/../../../../avr/lib/avr5\libc.a(sprintf.o) (vfprintf)
c:/winavr-20100110/bin/../lib/gcc/avr/4.3.3/../../../../avr/lib/avr5\libc.a(strnlen_P.o)
                              c:/winavr-20100110/bin/../lib/gcc/avr/4.3.3/../../../../avr/lib/avr5\libc.a(vfprintf_std.o) (strnlen_P)
c:/winavr-20100110/bin/../lib/gcc/avr/4.3.3/../../../../avr/lib/avr5\libc.a(strnlen.o)
                              c:/winavr-20100110/bin/../lib/gcc/avr/4.3.3/../../../../avr/lib/avr5\libc.a(vfprintf_std.o) (strnlen)
c:/winavr-20100110/bin/../lib/gcc/avr/4.3.3/../../../../avr/lib/avr5\libc.a(fputc.o)
                              c:/winavr-20100110/bin/../lib/gcc/avr/4.3.3/../../../../avr/lib/avr5\libc.a(vfprintf_std.o) (fputc)
c:/winavr-20100110/bin/../lib/gcc/avr/4.3.3/../../../../avr/lib/avr5\libc.a(ultoa_invert.o)
                              c:/winavr-20100110/bin/../lib/gcc/avr/4.3.3/../../../../avr/lib/avr5\libc.a(vfprintf_std.o) (__ultoa_invert)

Memory Configuration

Name             Origin             Length             Attributes
text             0x00000000         0x00020000         xr
data             0x00800060         0x0000ffa0         rw !x
eeprom           0x00810000         0x00010000         rw !x
fuse             0x00820000         0x00000400         rw !x
lock             0x00830000         0x00000400         rw !x
signature        0x00840000         0x00000400         rw !x
*default*        0x00000000         0xffffffff

Linker script and memory map

LOAD c:/winavr-20100110/bin/../lib/gcc/avr/4.3.3/../../../../avr/lib/avr5/crtm32.o
LOAD ./Source/04-APP/main.o
LOAD ./Source/02-ECUA/SSD/Src/SSD.o
LOAD ./Source/02-ECUA/Led/Src/Led.o
LOAD ./Source/02-ECUA/LM35/Src/LM35.o
LOAD ./Source/02-ECUA/LCD/Src/LCD.o
LOAD ./Source/02-ECUA/Keypad/Src/Keypad.o
LOAD ./Source/02-ECUA/EEPROM24C16/Src/EEPROM24C16.o
LOAD ./Source/02-ECUA/DC_Motor/Src/DC_Motor.o
LOAD ./Source/02-ECUA/Buzzer/src/Buzzer.o
LOAD ./Source/02-ECUA/Button/Src/Button.o
LOAD ./Source/01-MCAL/UART/Src/UART.o
LOAD ./Source/01-MCAL/Timer0/Src/Timer0.o
LOAD ./Source/01-MCAL/SPI/Src/Spi.o
LOAD ./Source/01-MCAL/I2C/Src/I2C.o
LOAD ./Source/01-MCAL/GINT/Src/GINT.o
LOAD ./Source/01-MCAL/EXINT/Src/ExInt.o
LOAD ./Source/01-MCAL/Dio/Src/Dio.o
LOAD ./Source/01-MCAL/ADC/Src/ADC.o
LOAD c:/winavr-20100110/bin/../lib/gcc/avr/4.3.3/avr5\libgcc.a
LOAD c:/winavr-20100110/bin/../lib/gcc/avr/4.3.3/../../../../avr/lib/avr5\libc.a
LOAD c:/winavr-20100110/bin/../lib/gcc/avr/4.3.3/avr5\libgcc.a

.hash
 *(.hash)

.dynsym
 *(.dynsym)

.dynstr
 *(.dynstr)

.gnu.version
 *(.gnu.version)

.gnu.version_d
 *(.gnu.version_d)

.gnu.version_r
 *(.gnu.version_r)

.rel.init
 *(.rel.init)

.rela.init
 *(.rela.init)

.rel.text
 *(.rel.text)
 *(.rel.text.*)
 *(.rel.gnu.linkonce.t*)

.rela.text
 *(.rela.text)
 *(.rela.text.*)
 *(.rela.gnu.linkonce.t*)

.rel.fini
 *(.rel.fini)

.rela.fini
 *(.rela.fini)

.rel.rodata
 *(.rel.rodata)
 *(.rel.rodata.*)
 *(.rel.gnu.linkonce.r*)

.rela.rodata
 *(.rela.rodata)
 *(.rela.rodata.*)
 *(.rela.gnu.linkonce.r*)

.rel.data
 *(.rel.data)
 *(.rel.data.*)
 *(.rel.gnu.linkonce.d*)

.rela.data
 *(.rela.data)
 *(.rela.data.*)
 *(.rela.gnu.linkonce.d*)

.rel.ctors
 *(.rel.ctors)

.rela.ctors
 *(.rela.ctors)

.rel.dtors
 *(.rel.dtors)

.rela.dtors
 *(.rela.dtors)

.rel.got
 *(.rel.got)

.rela.got
 *(.rela.got)

.rel.bss
 *(.rel.bss)

.rela.bss
 *(.rela.bss)

.rel.plt
 *(.rel.plt)

.rela.plt
 *(.rela.plt)

.text           0x00000000     0x39ca
 *(.vectors)
 .vectors       0x00000000       0x54 c:/winavr-20100110/bin/../lib/gcc/avr/4.3.3/../../../../avr/lib/avr5/crtm32.o
                0x00000000                __vectors
                0x00000000                __vector_default
 *(.vectors)
 *(.progmem.gcc*)
 *(.progmem*)
                0x00000054                . = ALIGN (0x2)
                0x00000054                __trampolines_start = .
 *(.trampolines)
 .trampolines   0x00000054        0x0 linker stubs
 *(.trampolines*)
                0x00000054                __trampolines_end = .
 *(.jumptables)
 *(.jumptables*)
 *(.lowtext)
 *(.lowtext*)
                0x00000054                __ctors_start = .
 *(.ctors)
                0x00000054                __ctors_end = .
                0x00000054                __dtors_start = .
 *(.dtors)
                0x00000054                __dtors_end = .
 SORT(*)(.ctors)
 SORT(*)(.dtors)
 *(.init0)
 .init0         0x00000054        0x0 c:/winavr-20100110/bin/../lib/gcc/avr/4.3.3/../../../../avr/lib/avr5/crtm32.o
                0x00000054                __init
 *(.init0)
 *(.init1)
 *(.init1)
 *(.init2)
 .init2         0x00000054        0xc c:/winavr-20100110/bin/../lib/gcc/avr/4.3.3/../../../../avr/lib/avr5/crtm32.o
 *(.init2)
 *(.init3)
 *(.init3)
 *(.init4)
 .init4         0x00000060       0x16 c:/winavr-20100110/bin/../lib/gcc/avr/4.3.3/avr5\libgcc.a(_copy_data.o)
                0x00000060                __do_copy_data
 *(.init4)
 *(.init5)
 *(.init5)
 *(.init6)
 *(.init6)
 *(.init7)
 *(.init7)
 *(.init8)
 *(.init8)
 *(.init9)
 .init9         0x00000076        0x8 c:/winavr-20100110/bin/../lib/gcc/avr/4.3.3/../../../../avr/lib/avr5/crtm32.o
 *(.init9)
 *(.text)
 .text          0x0000007e        0x4 c:/winavr-20100110/bin/../lib/gcc/avr/4.3.3/../../../../avr/lib/avr5/crtm32.o
                0x0000007e                __vector_1
                0x0000007e                __vector_12
                0x0000007e                __bad_interrupt
                0x0000007e                __vector_6
                0x0000007e                __vector_3
                0x0000007e                __vector_11
                0x0000007e                __vector_13
                0x0000007e                __vector_17
                0x0000007e                __vector_19
                0x0000007e                __vector_7
                0x0000007e                __vector_5
                0x0000007e                __vector_4
                0x0000007e                __vector_9
                0x0000007e                __vector_2
                0x0000007e                __vector_15
                0x0000007e                __vector_8
                0x0000007e                __vector_14
                0x0000007e                __vector_10
                0x0000007e                __vector_16
                0x0000007e                __vector_18
                0x0000007e                __vector_20
 .text          0x00000082        0x0 ./Source/04-APP/main.o
 .text          0x00000082        0x0 ./Source/02-ECUA/SSD/Src/SSD.o
 .text          0x00000082        0x0 ./Source/02-ECUA/Led/Src/Led.o
 .text          0x00000082        0x0 ./Source/02-ECUA/LM35/Src/LM35.o
 .text          0x00000082        0x0 ./Source/02-ECUA/LCD/Src/LCD.o
 .text          0x00000082        0x0 ./Source/02-ECUA/Keypad/Src/Keypad.o
 .text          0x00000082        0x0 ./Source/02-ECUA/EEPROM24C16/Src/EEPROM24C16.o
 .text          0x00000082        0x0 ./Source/02-ECUA/DC_Motor/Src/DC_Motor.o
 .text          0x00000082        0x0 ./Source/02-ECUA/Buzzer/src/Buzzer.o
 .text          0x00000082        0x0 ./Source/02-ECUA/Button/Src/Button.o
 .text          0x00000082        0x0 ./Source/01-MCAL/UART/Src/UART.o
 .text          0x00000082        0x0 ./Source/01-MCAL/Timer0/Src/Timer0.o
 .text          0x00000082        0x0 ./Source/01-MCAL/SPI/Src/Spi.o
 .text          0x00000082        0x0 ./Source/01-MCAL/I2C/Src/I2C.o
 .text          0x00000082        0x0 ./Source/01-MCAL/GINT/Src/GINT.o
 .text          0x00000082        0x0 ./Source/01-MCAL/EXINT/Src/ExInt.o
 .text          0x00000082        0x0 ./Source/01-MCAL/Dio/Src/Dio.o
 .text          0x00000082        0x0 ./Source/01-MCAL/ADC/Src/ADC.o
 .text          0x00000082        0x0 c:/winavr-20100110/bin/../lib/gcc/avr/4.3.3/avr5\libgcc.a(_udivmodqi4.o)
 .text          0x00000082        0x0 c:/winavr-20100110/bin/../lib/gcc/avr/4.3.3/avr5\libgcc.a(_udivmodsi4.o)
 .text          0x00000082        0x0 c:/winavr-20100110/bin/../lib/gcc/avr/4.3.3/avr5\libgcc.a(_exit.o)
 .text          0x00000082        0x0 c:/winavr-20100110/bin/../lib/gcc/avr/4.3.3/avr5\libgcc.a(_copy_data.o)
 .text          0x00000082       0x58 c:/winavr-20100110/bin/../lib/gcc/avr/4.3.3/avr5\libgcc.a(_fixunssfsi.o)
                0x00000082                __fixunssfsi
 .text          0x000000da      0x354 c:/winavr-20100110/bin/../lib/gcc/avr/4.3.3/avr5\libgcc.a(_addsub_sf.o)
                0x00000372                __subsf3
                0x000003d4                __addsf3
 .text          0x0000042e      0x1f4 c:/winavr-20100110/bin/../lib/gcc/avr/4.3.3/avr5\libgcc.a(_mul_sf.o)
                0x0000042e                __mulsf3
 .text          0x00000622      0x158 c:/winavr-20100110/bin/../lib/gcc/avr/4.3.3/avr5\libgcc.a(_div_sf.o)
                0x00000622                __divsf3
 .text          0x0000077a       0x60 c:/winavr-20100110/bin/../lib/gcc/avr/4.3.3/avr5\libgcc.a(_gt_sf.o)
                0x0000077a                __gtsf2
 .text          0x000007da       0x60 c:/winavr-20100110/bin/../lib/gcc/avr/4.3.3/avr5\libgcc.a(_ge_sf.o)
                0x000007da                __gesf2
 .text          0x0000083a       0x60 c:/winavr-20100110/bin/../lib/gcc/avr/4.3.3/avr5\libgcc.a(_lt_sf.o)
                0x0000083a                __ltsf2
 .text          0x0000089a       0xa8 c:/winavr-20100110/bin/../lib/gcc/avr/4.3.3/avr5\libgcc.a(_sf_to_si.o)
                0x0000089a                __fixsfsi
 .text          0x00000942        0x0 c:/winavr-20100110/bin/../lib/gcc/avr/4.3.3/avr5\libgcc.a(_thenan_sf.o)
 .text          0x00000942       0xf2 c:/winavr-20100110/bin/../lib/gcc/avr/4.3.3/avr5\libgcc.a(_usi_to_sf.o)
                0x00000942                __floatunsisf
 .text          0x00000a34        0x0 c:/winavr-20100110/bin/../lib/gcc/avr/4.3.3/avr5\libgcc.a(_prologue.o)
 .text          0x00000a34        0x0 c:/winavr-20100110/bin/../lib/gcc/avr/4.3.3/avr5\libgcc.a(_epilogue.o)
 .text          0x00000a34       0x9e c:/winavr-20100110/bin/../lib/gcc/avr/4.3.3/avr5\libgcc.a(_clzsi2.o)
                0x00000a34                __clzsi2
 .text          0x00000ad2      0x1aa c:/winavr-20100110/bin/../lib/gcc/avr/4.3.3/avr5\libgcc.a(_pack_sf.o)
                0x00000ad2                __pack_f
 .text          0x00000c7c       0xf0 c:/winavr-20100110/bin/../lib/gcc/avr/4.3.3/avr5\libgcc.a(_unpack_sf.o)
                0x00000c7c                __unpack_f
 .text          0x00000d6c       0xb2 c:/winavr-20100110/bin/../lib/gcc/avr/4.3.3/avr5\libgcc.a(_fpcmp_parts_sf.o)
                0x00000d6c                __fpcmp_parts_f
 .text          0x00000e1e        0x0 c:/winavr-20100110/bin/../lib/gcc/avr/4.3.3/avr5\libgcc.a(_clz.o)
 .text          0x00000e1e        0x0 c:/winavr-20100110/bin/../lib/gcc/avr/4.3.3/../../../../avr/lib/avr5\libc.a(sprintf.o)
 .text          0x00000e1e        0x0 c:/winavr-20100110/bin/../lib/gcc/avr/4.3.3/../../../../avr/lib/avr5\libc.a(vfprintf_std.o)
 .text          0x00000e1e        0x0 c:/winavr-20100110/bin/../lib/gcc/avr/4.3.3/../../../../avr/lib/avr5\libc.a(strnlen_P.o)
 .text          0x00000e1e        0x0 c:/winavr-20100110/bin/../lib/gcc/avr/4.3.3/../../../../avr/lib/avr5\libc.a(strnlen.o)
 .text          0x00000e1e        0x0 c:/winavr-20100110/bin/../lib/gcc/avr/4.3.3/../../../../avr/lib/avr5\libc.a(fputc.o)
 .text          0x00000e1e        0x0 c:/winavr-20100110/bin/../lib/gcc/avr/4.3.3/../../../../avr/lib/avr5\libc.a(ultoa_invert.o)
                0x00000e1e                . = ALIGN (0x2)
 *(.text.*)
 .text.main     0x00000e1e       0x12 ./Source/04-APP/main.o
                0x00000e1e                main
 .text.SSD_vidInit
                0x00000e30       0x4a ./Source/02-ECUA/SSD/Src/SSD.o
                0x00000e30                SSD_vidInit
 .text.SSD_viddisplyNum
                0x00000e7a      0x37e ./Source/02-ECUA/SSD/Src/SSD.o
                0x00000e7a                SSD_viddisplyNum
 .text.SSD_viddelayWithDisplay_ms
                0x000011f8       0x78 ./Source/02-ECUA/SSD/Src/SSD.o
                0x000011f8                SSD_viddelayWithDisplay_ms
 .text.Led_vidinit
                0x00001270       0x2c ./Source/02-ECUA/Led/Src/Led.o
                0x00001270                Led_vidinit
 .text.Led_vidledOn
                0x0000129c       0x62 ./Source/02-ECUA/Led/Src/Led.o
                0x0000129c                Led_vidledOn
 .text.Led_vidledOff
                0x000012fe       0x62 ./Source/02-ECUA/Led/Src/Led.o
                0x000012fe                Led_vidledOff
 .text.Led_vidledToggle
                0x00001360       0x5c ./Source/02-ECUA/Led/Src/Led.o
                0x00001360                Led_vidledToggle
 .text.LM35_vidInit
                0x000013bc       0x12 ./Source/02-ECUA/LM35/Src/LM35.o
                0x000013bc                LM35_vidInit
 .text.LM35_u16TempRead
                0x000013ce       0x72 ./Source/02-ECUA/LM35/Src/LM35.o
                0x000013ce                LM35_u16TempRead
 .text.Lcd_vidinit
                0x00001440      0x3d8 ./Source/02-ECUA/LCD/Src/LCD.o
                0x00001440                Lcd_vidinit
 .text.Lcd_VidenablePulse
                0x00001818      0x29a ./Source/02-ECUA/LCD/Src/LCD.o
 .text.Lcd_vidDisplayChar
                0x00001ab2       0x4e ./Source/02-ECUA/LCD/Src/LCD.o
                0x00001ab2                Lcd_vidDisplayChar
 .text.Lcd_vidDisplayStr
                0x00001b00       0x38 ./Source/02-ECUA/LCD/Src/LCD.o
                0x00001b00                Lcd_vidDisplayStr
 .text.LCD_vidDisplayInt
                0x00001b38       0x80 ./Source/02-ECUA/LCD/Src/LCD.o
                0x00001b38                LCD_vidDisplayInt
 .text.LCD_vidDisplayFloat
                0x00001bb8       0x22 ./Source/02-ECUA/LCD/Src/LCD.o
                0x00001bb8                LCD_vidDisplayFloat
 .text.Lcd_vidCmd
                0x00001bda       0x4e ./Source/02-ECUA/LCD/Src/LCD.o
                0x00001bda                Lcd_vidCmd
 .text.LCD_vidRowColumn
                0x00001c28       0x4e ./Source/02-ECUA/LCD/Src/LCD.o
                0x00001c28                LCD_vidRowColumn
 .text.Keypad_vidInit
                0x00001c76       0xa6 ./Source/02-ECUA/Keypad/Src/Keypad.o
                0x00001c76                Keypad_vidInit
 .text.Keypad_IsPressed
                0x00001d1c       0x4c ./Source/02-ECUA/Keypad/Src/Keypad.o
 .text.Keypad_GetRow
                0x00001d68       0x64 ./Source/02-ECUA/Keypad/Src/Keypad.o
 .text.Keypad_GetColumn
                0x00001dcc      0x10a ./Source/02-ECUA/Keypad/Src/Keypad.o
 .text.Keypad_u8GetKeypad
                0x00001ed6       0x72 ./Source/02-ECUA/Keypad/Src/Keypad.o
                0x00001ed6                Keypad_u8GetKeypad
 .text.Eeprom24C16_Init
                0x00001f48       0x12 ./Source/02-ECUA/EEPROM24C16/Src/EEPROM24C16.o
                0x00001f48                Eeprom24C16_Init
 .text.Eeprom24C16_WriteByte
                0x00001f5a      0x13a ./Source/02-ECUA/EEPROM24C16/Src/EEPROM24C16.o
                0x00001f5a                Eeprom24C16_WriteByte
 .text.Eeprom24C16_ReadByte
                0x00002094       0x5c ./Source/02-ECUA/EEPROM24C16/Src/EEPROM24C16.o
                0x00002094                Eeprom24C16_ReadByte
 .text.Dc_Motor_vidInit
                0x000020f0        0xe ./Source/02-ECUA/DC_Motor/Src/DC_Motor.o
                0x000020f0                Dc_Motor_vidInit
 .text.Dc_Motor_vidStart
                0x000020fe       0x14 ./Source/02-ECUA/DC_Motor/Src/DC_Motor.o
                0x000020fe                Dc_Motor_vidStart
 .text.Dc_Motor_vidStop
                0x00002112      0x10a ./Source/02-ECUA/DC_Motor/Src/DC_Motor.o
                0x00002112                Dc_Motor_vidStop
 .text.Buzzer_vidinit
                0x0000221c       0x18 ./Source/02-ECUA/Buzzer/src/Buzzer.o
                0x0000221c                Buzzer_vidinit
 .text.Buzzer_vidBuzzerOn
                0x00002234       0x18 ./Source/02-ECUA/Buzzer/src/Buzzer.o
                0x00002234                Buzzer_vidBuzzerOn
 .text.Buzzer_vidBuzzerOff
                0x0000224c       0x18 ./Source/02-ECUA/Buzzer/src/Buzzer.o
                0x0000224c                Buzzer_vidBuzzerOff
 .text.Button_vidbuttonInit
                0x00002264       0x2c ./Source/02-ECUA/Button/Src/Button.o
                0x00002264                Button_vidbuttonInit
 .text.Button_udtbuttonStatus
                0x00002290       0x86 ./Source/02-ECUA/Button/Src/Button.o
                0x00002290                Button_udtbuttonStatus
 .text.USART_Init
                0x00002316       0xaa ./Source/01-MCAL/UART/Src/UART.o
                0x00002316                USART_Init
 .text.USART_TransmitChar
                0x000023c0       0x34 ./Source/01-MCAL/UART/Src/UART.o
                0x000023c0                USART_TransmitChar
 .text.USART_Receive
                0x000023f4       0x1e ./Source/01-MCAL/UART/Src/UART.o
                0x000023f4                USART_Receive
 .text.USART_Receive_Blocking
                0x00002412       0x1e ./Source/01-MCAL/UART/Src/UART.o
                0x00002412                USART_Receive_Blocking
 .text.USART_Receive_NonBlocking
                0x00002430       0x30 ./Source/01-MCAL/UART/Src/UART.o
                0x00002430                USART_Receive_NonBlocking
 .text.USART_TransmitStr
                0x00002460       0x38 ./Source/01-MCAL/UART/Src/UART.o
                0x00002460                USART_TransmitStr
 .text.USART_Receive_InterruptEnable
                0x00002498       0x1c ./Source/01-MCAL/UART/Src/UART.o
                0x00002498                USART_Receive_InterruptEnable
 .text.Timer0_vidInit
                0x000024b4        0xe ./Source/01-MCAL/Timer0/Src/Timer0.o
                0x000024b4                Timer0_vidInit
 .text.Timer0_vidSetPreload
                0x000024c2       0x14 ./Source/01-MCAL/Timer0/Src/Timer0.o
                0x000024c2                Timer0_vidSetPreload
 .text.Timer0_vidTimerStart
                0x000024d6       0x14 ./Source/01-MCAL/Timer0/Src/Timer0.o
                0x000024d6                Timer0_vidTimerStart
 .text.Timer0_vidTimerStop
                0x000024ea        0xe ./Source/01-MCAL/Timer0/Src/Timer0.o
                0x000024ea                Timer0_vidTimerStop
 .text.Timer0_vidEnableOVInterrupt
                0x000024f8        0xe ./Source/01-MCAL/Timer0/Src/Timer0.o
                0x000024f8                Timer0_vidEnableOVInterrupt
 .text.Timer0_vidDisableOVInterrupt
                0x00002506        0xe ./Source/01-MCAL/Timer0/Src/Timer0.o
                0x00002506                Timer0_vidDisableOVInterrupt
 .text.Spi_vidMasterInit
                0x00002514       0x6a ./Source/01-MCAL/SPI/Src/Spi.o
                0x00002514                Spi_vidMasterInit
 .text.Spi_vidSlaveInit
                0x0000257e       0x52 ./Source/01-MCAL/SPI/Src/Spi.o
                0x0000257e                Spi_vidSlaveInit
 .text.Spi_MasterWrite
                0x000025d0       0x30 ./Source/01-MCAL/SPI/Src/Spi.o
                0x000025d0                Spi_MasterWrite
 .text.Spi_u8MasterRead
                0x00002600       0x2e ./Source/01-MCAL/SPI/Src/Spi.o
                0x00002600                Spi_u8MasterRead
 .text.Spi_u8MasterTranseve
                0x0000262e       0x2c ./Source/01-MCAL/SPI/Src/Spi.o
                0x0000262e                Spi_u8MasterTranseve
 .text.Spi_u8SlaveRead
                0x0000265a       0x1e ./Source/01-MCAL/SPI/Src/Spi.o
                0x0000265a                Spi_u8SlaveRead
 .text.Spi_vidSlaveWrite
                0x00002678       0x1c ./Source/01-MCAL/SPI/Src/Spi.o
                0x00002678                Spi_vidSlaveWrite
 .text.I2C_MasterInit
                0x00002694       0x24 ./Source/01-MCAL/I2C/Src/I2C.o
                0x00002694                I2C_MasterInit
 .text.I2C_SlaveInit
                0x000026b8       0x4a ./Source/01-MCAL/I2C/Src/I2C.o
                0x000026b8                I2C_SlaveInit
 .text.I2C_StartCondition
                0x00002702       0x36 ./Source/01-MCAL/I2C/Src/I2C.o
                0x00002702                I2C_StartCondition
 .text.I2C_RepeatedStartCondition
                0x00002738       0x3c ./Source/01-MCAL/I2C/Src/I2C.o
                0x00002738                I2C_RepeatedStartCondition
 .text.I2C_StopCondition
                0x00002774       0x26 ./Source/01-MCAL/I2C/Src/I2C.o
                0x00002774                I2C_StopCondition
 .text.I2C_WriteByte
                0x0000279a       0x34 ./Source/01-MCAL/I2C/Src/I2C.o
                0x0000279a                I2C_WriteByte
 .text.I2C_Send_SlaveAddressWriteOperation
                0x000027ce       0x3a ./Source/01-MCAL/I2C/Src/I2C.o
                0x000027ce                I2C_Send_SlaveAddressWriteOperation
 .text.I2C_Send_SlaveAddressReadOperation
                0x00002808       0x42 ./Source/01-MCAL/I2C/Src/I2C.o
                0x00002808                I2C_Send_SlaveAddressReadOperation
 .text.I2C_ReadByte
                0x0000284a       0x2c ./Source/01-MCAL/I2C/Src/I2C.o
                0x0000284a                I2C_ReadByte
 .text.I2C_ReadStatus
                0x00002876       0x1e ./Source/01-MCAL/I2C/Src/I2C.o
                0x00002876                I2C_ReadStatus
 .text.GINT_vidEnableAllInetrrupts
                0x00002894       0x1c ./Source/01-MCAL/GINT/Src/GINT.o
                0x00002894                GINT_vidEnableAllInetrrupts
 .text.GINT_vidDisableAllInetrrupts
                0x000028b0       0x1c ./Source/01-MCAL/GINT/Src/GINT.o
                0x000028b0                GINT_vidDisableAllInetrrupts
 .text.ExtInt_vidConfigExtInt
                0x000028cc      0x1be ./Source/01-MCAL/EXINT/Src/ExInt.o
                0x000028cc                ExtInt_vidConfigExtInt
 .text.ExtInt_vidDisapleExtInt
                0x00002a8a       0x6e ./Source/01-MCAL/EXINT/Src/ExInt.o
                0x00002a8a                ExtInt_vidDisapleExtInt
 .text.Dio_vidconfigChanel
                0x00002af8      0x1c6 ./Source/01-MCAL/Dio/Src/Dio.o
                0x00002af8                Dio_vidconfigChanel
 .text.Dio_vidwriteChanel
                0x00002cbe      0x1c6 ./Source/01-MCAL/Dio/Src/Dio.o
                0x00002cbe                Dio_vidwriteChanel
 .text.Dio_vidWriteChanelGroup
                0x00002e84       0xb8 ./Source/01-MCAL/Dio/Src/Dio.o
                0x00002e84                Dio_vidWriteChanelGroup
 .text.Dio_udtreadChanel
                0x00002f3c      0x126 ./Source/01-MCAL/Dio/Src/Dio.o
                0x00002f3c                Dio_udtreadChanel
 .text.Dio_vidflipChanel
                0x00003062       0xfa ./Source/01-MCAL/Dio/Src/Dio.o
                0x00003062                Dio_vidflipChanel
 .text.Dio_vidPullUpEnalple
                0x0000315c       0xfa ./Source/01-MCAL/Dio/Src/Dio.o
                0x0000315c                Dio_vidPullUpEnalple
 .text.ADC_vidInit
                0x00003256       0x62 ./Source/01-MCAL/ADC/Src/ADC.o
                0x00003256                ADC_vidInit
 .text.ADC_f64ADCRead
                0x000032b8      0x102 ./Source/01-MCAL/ADC/Src/ADC.o
                0x000032b8                ADC_f64ADCRead
 .text.libgcc   0x000033ba       0x18 c:/winavr-20100110/bin/../lib/gcc/avr/4.3.3/avr5\libgcc.a(_udivmodqi4.o)
                0x000033ba                __udivmodqi4
 .text.libgcc   0x000033d2       0x44 c:/winavr-20100110/bin/../lib/gcc/avr/4.3.3/avr5\libgcc.a(_udivmodsi4.o)
                0x000033d2                __udivmodsi4
 .text.libgcc   0x00003416        0x0 c:/winavr-20100110/bin/../lib/gcc/avr/4.3.3/avr5\libgcc.a(_exit.o)
 .text.libgcc   0x00003416        0x0 c:/winavr-20100110/bin/../lib/gcc/avr/4.3.3/avr5\libgcc.a(_copy_data.o)
 .text.libgcc   0x00003416       0x38 c:/winavr-20100110/bin/../lib/gcc/avr/4.3.3/avr5\libgcc.a(_prologue.o)
                0x00003416                __prologue_saves__
 .text.libgcc   0x0000344e       0x36 c:/winavr-20100110/bin/../lib/gcc/avr/4.3.3/avr5\libgcc.a(_epilogue.o)
                0x0000344e                __epilogue_restores__
 .text.avr-libc
                0x00003484       0x48 c:/winavr-20100110/bin/../lib/gcc/avr/4.3.3/../../../../avr/lib/avr5\libc.a(sprintf.o)
                0x00003484                sprintf
 .text.avr-libc
                0x000034cc      0x3ba c:/winavr-20100110/bin/../lib/gcc/avr/4.3.3/../../../../avr/lib/avr5\libc.a(vfprintf_std.o)
                0x000034cc                vfprintf
 .text.avr-libc
                0x00003886       0x16 c:/winavr-20100110/bin/../lib/gcc/avr/4.3.3/../../../../avr/lib/avr5\libc.a(strnlen_P.o)
                0x00003886                strnlen_P
 .text.avr-libc
                0x0000389c       0x16 c:/winavr-20100110/bin/../lib/gcc/avr/4.3.3/../../../../avr/lib/avr5\libc.a(strnlen.o)
                0x0000389c                strnlen
 .text.avr-libc
                0x000038b2       0x58 c:/winavr-20100110/bin/../lib/gcc/avr/4.3.3/../../../../avr/lib/avr5\libc.a(fputc.o)
                0x000038b2                fputc
 .text.avr-libc
                0x0000390a       0xbc c:/winavr-20100110/bin/../lib/gcc/avr/4.3.3/../../../../avr/lib/avr5\libc.a(ultoa_invert.o)
                0x0000390a                __ultoa_invert
                0x000039c6                . = ALIGN (0x2)
 *(.fini9)
 .fini9         0x000039c6        0x0 c:/winavr-20100110/bin/../lib/gcc/avr/4.3.3/avr5\libgcc.a(_exit.o)
                0x000039c6                exit
                0x000039c6                _exit
 *(.fini9)
 *(.fini8)
 *(.fini8)
 *(.fini7)
 *(.fini7)
 *(.fini6)
 *(.fini6)
 *(.fini5)
 *(.fini5)
 *(.fini4)
 *(.fini4)
 *(.fini3)
 *(.fini3)
 *(.fini2)
 *(.fini2)
 *(.fini1)
 *(.fini1)
 *(.fini0)
 .fini0         0x000039c6        0x4 c:/winavr-20100110/bin/../lib/gcc/avr/4.3.3/avr5\libgcc.a(_exit.o)
 *(.fini0)
                0x000039ca                _etext = .

.data           0x00800060      0x11c load address 0x000039ca
                0x00800060                PROVIDE (__data_start, .)
 *(.data)
 .data          0x00800060        0x0 c:/winavr-20100110/bin/../lib/gcc/avr/4.3.3/../../../../avr/lib/avr5/crtm32.o
 .data          0x00800060        0x0 ./Source/04-APP/main.o
 .data          0x00800060        0x0 ./Source/02-ECUA/SSD/Src/SSD.o
 .data          0x00800060        0x0 ./Source/02-ECUA/Led/Src/Led.o
 .data          0x00800060        0x0 ./Source/02-ECUA/LM35/Src/LM35.o
 .data          0x00800060        0x3 ./Source/02-ECUA/LCD/Src/LCD.o
 .data          0x00800063        0x0 ./Source/02-ECUA/Keypad/Src/Keypad.o
 .data          0x00800063        0x0 ./Source/02-ECUA/EEPROM24C16/Src/EEPROM24C16.o
 .data          0x00800063        0x0 ./Source/02-ECUA/DC_Motor/Src/DC_Motor.o
 .data          0x00800063        0x0 ./Source/02-ECUA/Buzzer/src/Buzzer.o
 .data          0x00800063        0x0 ./Source/02-ECUA/Button/Src/Button.o
 .data          0x00800063        0x0 ./Source/01-MCAL/UART/Src/UART.o
 .data          0x00800063        0x0 ./Source/01-MCAL/Timer0/Src/Timer0.o
 .data          0x00800063        0x0 ./Source/01-MCAL/SPI/Src/Spi.o
 .data          0x00800063        0x0 ./Source/01-MCAL/I2C/Src/I2C.o
 .data          0x00800063        0x0 ./Source/01-MCAL/GINT/Src/GINT.o
 .data          0x00800063        0x0 ./Source/01-MCAL/EXINT/Src/ExInt.o
 .data          0x00800063        0x0 ./Source/01-MCAL/Dio/Src/Dio.o
 .data          0x00800063        0x0 ./Source/01-MCAL/ADC/Src/ADC.o
 .data          0x00800063        0x0 c:/winavr-20100110/bin/../lib/gcc/avr/4.3.3/avr5\libgcc.a(_udivmodqi4.o)
 .data          0x00800063        0x0 c:/winavr-20100110/bin/../lib/gcc/avr/4.3.3/avr5\libgcc.a(_udivmodsi4.o)
 .data          0x00800063        0x0 c:/winavr-20100110/bin/../lib/gcc/avr/4.3.3/avr5\libgcc.a(_exit.o)
 .data          0x00800063        0x0 c:/winavr-20100110/bin/../lib/gcc/avr/4.3.3/avr5\libgcc.a(_copy_data.o)
 .data          0x00800063        0x0 c:/winavr-20100110/bin/../lib/gcc/avr/4.3.3/avr5\libgcc.a(_fixunssfsi.o)
 .data          0x00800063        0x0 c:/winavr-20100110/bin/../lib/gcc/avr/4.3.3/avr5\libgcc.a(_addsub_sf.o)
 .data          0x00800063        0x0 c:/winavr-20100110/bin/../lib/gcc/avr/4.3.3/avr5\libgcc.a(_mul_sf.o)
 .data          0x00800063        0x0 c:/winavr-20100110/bin/../lib/gcc/avr/4.3.3/avr5\libgcc.a(_div_sf.o)
 .data          0x00800063        0x0 c:/winavr-20100110/bin/../lib/gcc/avr/4.3.3/avr5\libgcc.a(_gt_sf.o)
 .data          0x00800063        0x0 c:/winavr-20100110/bin/../lib/gcc/avr/4.3.3/avr5\libgcc.a(_ge_sf.o)
 .data          0x00800063        0x0 c:/winavr-20100110/bin/../lib/gcc/avr/4.3.3/avr5\libgcc.a(_lt_sf.o)
 .data          0x00800063        0x0 c:/winavr-20100110/bin/../lib/gcc/avr/4.3.3/avr5\libgcc.a(_sf_to_si.o)
 .data          0x00800063        0x8 c:/winavr-20100110/bin/../lib/gcc/avr/4.3.3/avr5\libgcc.a(_thenan_sf.o)
                0x00800063                __thenan_sf
 .data          0x0080006b        0x0 c:/winavr-20100110/bin/../lib/gcc/avr/4.3.3/avr5\libgcc.a(_usi_to_sf.o)
 .data          0x0080006b        0x0 c:/winavr-20100110/bin/../lib/gcc/avr/4.3.3/avr5\libgcc.a(_prologue.o)
 .data          0x0080006b        0x0 c:/winavr-20100110/bin/../lib/gcc/avr/4.3.3/avr5\libgcc.a(_epilogue.o)
 .data          0x0080006b        0x0 c:/winavr-20100110/bin/../lib/gcc/avr/4.3.3/avr5\libgcc.a(_clzsi2.o)
 .data          0x0080006b        0x0 c:/winavr-20100110/bin/../lib/gcc/avr/4.3.3/avr5\libgcc.a(_pack_sf.o)
 .data          0x0080006b        0x0 c:/winavr-20100110/bin/../lib/gcc/avr/4.3.3/avr5\libgcc.a(_unpack_sf.o)
 .data          0x0080006b        0x0 c:/winavr-20100110/bin/../lib/gcc/avr/4.3.3/avr5\libgcc.a(_fpcmp_parts_sf.o)
 .data          0x0080006b      0x100 c:/winavr-20100110/bin/../lib/gcc/avr/4.3.3/avr5\libgcc.a(_clz.o)
                0x0080006b                __clz_tab
 .data          0x0080016b        0x0 c:/winavr-20100110/bin/../lib/gcc/avr/4.3.3/../../../../avr/lib/avr5\libc.a(sprintf.o)
 .data          0x0080016b        0x0 c:/winavr-20100110/bin/../lib/gcc/avr/4.3.3/../../../../avr/lib/avr5\libc.a(vfprintf_std.o)
 .data          0x0080016b        0x0 c:/winavr-20100110/bin/../lib/gcc/avr/4.3.3/../../../../avr/lib/avr5\libc.a(strnlen_P.o)
 .data          0x0080016b        0x0 c:/winavr-20100110/bin/../lib/gcc/avr/4.3.3/../../../../avr/lib/avr5\libc.a(strnlen.o)
 .data          0x0080016b        0x0 c:/winavr-20100110/bin/../lib/gcc/avr/4.3.3/../../../../avr/lib/avr5\libc.a(fputc.o)
 .data          0x0080016b        0x0 c:/winavr-20100110/bin/../lib/gcc/avr/4.3.3/../../../../avr/lib/avr5\libc.a(ultoa_invert.o)
 *(.data*)
 .data.Keypad_layout
                0x0080016b       0x10 ./Source/02-ECUA/Keypad/Src/Keypad.o
                0x0080016b                Keypad_layout
 *(.rodata)
 *(.rodata*)
 *(.gnu.linkonce.d*)
                0x0080017c                . = ALIGN (0x2)
 *fill*         0x0080017b        0x1 00
                0x0080017c                _edata = .
                0x0080017c                PROVIDE (__data_end, .)

.bss            0x0080017c        0x0
                0x0080017c                PROVIDE (__bss_start, .)
 *(.bss)
 .bss           0x0080017c        0x0 c:/winavr-20100110/bin/../lib/gcc/avr/4.3.3/../../../../avr/lib/avr5/crtm32.o
 .bss           0x0080017c        0x0 ./Source/04-APP/main.o
 .bss           0x0080017c        0x0 ./Source/02-ECUA/SSD/Src/SSD.o
 .bss           0x0080017c        0x0 ./Source/02-ECUA/Led/Src/Led.o
 .bss           0x0080017c        0x0 ./Source/02-ECUA/LM35/Src/LM35.o
 .bss           0x0080017c        0x0 ./Source/02-ECUA/LCD/Src/LCD.o
 .bss           0x0080017c        0x0 ./Source/02-ECUA/Keypad/Src/Keypad.o
 .bss           0x0080017c        0x0 ./Source/02-ECUA/EEPROM24C16/Src/EEPROM24C16.o
 .bss           0x0080017c        0x0 ./Source/02-ECUA/DC_Motor/Src/DC_Motor.o
 .bss           0x0080017c        0x0 ./Source/02-ECUA/Buzzer/src/Buzzer.o
 .bss           0x0080017c        0x0 ./Source/02-ECUA/Button/Src/Button.o
 .bss           0x0080017c        0x0 ./Source/01-MCAL/UART/Src/UART.o
 .bss           0x0080017c        0x0 ./Source/01-MCAL/Timer0/Src/Timer0.o
 .bss           0x0080017c        0x0 ./Source/01-MCAL/SPI/Src/Spi.o
 .bss           0x0080017c        0x0 ./Source/01-MCAL/I2C/Src/I2C.o
 .bss           0x0080017c        0x0 ./Source/01-MCAL/GINT/Src/GINT.o
 .bss           0x0080017c        0x0 ./Source/01-MCAL/EXINT/Src/ExInt.o
 .bss           0x0080017c        0x0 ./Source/01-MCAL/Dio/Src/Dio.o
 .bss           0x0080017c        0x0 ./Source/01-MCAL/ADC/Src/ADC.o
 .bss           0x0080017c        0x0 c:/winavr-20100110/bin/../lib/gcc/avr/4.3.3/avr5\libgcc.a(_udivmodqi4.o)
 .bss           0x0080017c        0x0 c:/winavr-20100110/bin/../lib/gcc/avr/4.3.3/avr5\libgcc.a(_udivmodsi4.o)
 .bss           0x0080017c        0x0 c:/winavr-20100110/bin/../lib/gcc/avr/4.3.3/avr5\libgcc.a(_exit.o)
 .bss           0x0080017c        0x0 c:/winavr-20100110/bin/../lib/gcc/avr/4.3.3/avr5\libgcc.a(_copy_data.o)
 .bss           0x0080017c        0x0 c:/winavr-20100110/bin/../lib/gcc/avr/4.3.3/avr5\libgcc.a(_fixunssfsi.o)
 .bss           0x0080017c        0x0 c:/winavr-20100110/bin/../lib/gcc/avr/4.3.3/avr5\libgcc.a(_addsub_sf.o)
 .bss           0x0080017c        0x0 c:/winavr-20100110/bin/../lib/gcc/avr/4.3.3/avr5\libgcc.a(_mul_sf.o)
 .bss           0x0080017c        0x0 c:/winavr-20100110/bin/../lib/gcc/avr/4.3.3/avr5\libgcc.a(_div_sf.o)
 .bss           0x0080017c        0x0 c:/winavr-20100110/bin/../lib/gcc/avr/4.3.3/avr5\libgcc.a(_gt_sf.o)
 .bss           0x0080017c        0x0 c:/winavr-20100110/bin/../lib/gcc/avr/4.3.3/avr5\libgcc.a(_ge_sf.o)
 .bss           0x0080017c        0x0 c:/winavr-20100110/bin/../lib/gcc/avr/4.3.3/avr5\libgcc.a(_lt_sf.o)
 .bss           0x0080017c        0x0 c:/winavr-20100110/bin/../lib/gcc/avr/4.3.3/avr5\libgcc.a(_sf_to_si.o)
 .bss           0x0080017c        0x0 c:/winavr-20100110/bin/../lib/gcc/avr/4.3.3/avr5\libgcc.a(_thenan_sf.o)
 .bss           0x0080017c        0x0 c:/winavr-20100110/bin/../lib/gcc/avr/4.3.3/avr5\libgcc.a(_usi_to_sf.o)
 .bss           0x0080017c        0x0 c:/winavr-20100110/bin/../lib/gcc/avr/4.3.3/avr5\libgcc.a(_prologue.o)
 .bss           0x0080017c        0x0 c:/winavr-20100110/bin/../lib/gcc/avr/4.3.3/avr5\libgcc.a(_epilogue.o)
 .bss           0x0080017c        0x0 c:/winavr-20100110/bin/../lib/gcc/avr/4.3.3/avr5\libgcc.a(_clzsi2.o)
 .bss           0x0080017c        0x0 c:/winavr-20100110/bin/../lib/gcc/avr/4.3.3/avr5\libgcc.a(_pack_sf.o)
 .bss           0x0080017c        0x0 c:/winavr-20100110/bin/../lib/gcc/avr/4.3.3/avr5\libgcc.a(_unpack_sf.o)
 .bss           0x0080017c        0x0 c:/winavr-20100110/bin/../lib/gcc/avr/4.3.3/avr5\libgcc.a(_fpcmp_parts_sf.o)
 .bss           0x0080017c        0x0 c:/winavr-20100110/bin/../lib/gcc/avr/4.3.3/avr5\libgcc.a(_clz.o)
 .bss           0x0080017c        0x0 c:/winavr-20100110/bin/../lib/gcc/avr/4.3.3/../../../../avr/lib/avr5\libc.a(sprintf.o)
 .bss           0x0080017c        0x0 c:/winavr-20100110/bin/../lib/gcc/avr/4.3.3/../../../../avr/lib/avr5\libc.a(vfprintf_std.o)
 .bss           0x0080017c        0x0 c:/winavr-20100110/bin/../lib/gcc/avr/4.3.3/../../../../avr/lib/avr5\libc.a(strnlen_P.o)
 .bss           0x0080017c        0x0 c:/winavr-20100110/bin/../lib/gcc/avr/4.3.3/../../../../avr/lib/avr5\libc.a(strnlen.o)
 .bss           0x0080017c        0x0 c:/winavr-20100110/bin/../lib/gcc/avr/4.3.3/../../../../avr/lib/avr5\libc.a(fputc.o)
 .bss           0x0080017c        0x0 c:/winavr-20100110/bin/../lib/gcc/avr/4.3.3/../../../../avr/lib/avr5\libc.a(ultoa_invert.o)
 *(.bss*)
 *(COMMON)
                0x0080017c                PROVIDE (__bss_end, .)
                0x000039ca                __data_load_start = LOADADDR (.data)
                0x00003ae6                __data_load_end = (__data_load_start + SIZEOF (.data))

.noinit         0x0080017c        0x0
                0x0080017c                PROVIDE (__noinit_start, .)
 *(.noinit*)
                0x0080017c                PROVIDE (__noinit_end, .)
                0x0080017c                _end = .
                0x0080017c                PROVIDE (__heap_start, .)

.eeprom         0x00810000        0x0
 *(.eeprom*)
                0x00810000                __eeprom_end = .

.fuse
 *(.fuse)
 *(.lfuse)
 *(.hfuse)
 *(.efuse)

.lock
 *(.lock*)

.signature
 *(.signature*)

.stab           0x00000000     0x43b0
 *(.stab)
 .stab          0x00000000      0x5b8 ./Source/04-APP/main.o
 .stab          0x000005b8      0x5ac ./Source/02-ECUA/SSD/Src/SSD.o
                                0x7c8 (size before relaxing)
 .stab          0x00000b64      0x27c ./Source/02-ECUA/Led/Src/Led.o
                                0x3b4 (size before relaxing)
 .stab          0x00000de0      0x1ec ./Source/02-ECUA/LM35/Src/LM35.o
                                0x2ac (size before relaxing)
 .stab          0x00000fcc      0x948 ./Source/02-ECUA/LCD/Src/LCD.o
                                0xc0c (size before relaxing)
 .stab          0x00001914      0x618 ./Source/02-ECUA/Keypad/Src/Keypad.o
                                0x720 (size before relaxing)
 .stab          0x00001f2c      0x420 ./Source/02-ECUA/EEPROM24C16/Src/EEPROM24C16.o
                                0x6d8 (size before relaxing)
 .stab          0x0000234c      0x27c ./Source/02-ECUA/DC_Motor/Src/DC_Motor.o
                                0x414 (size before relaxing)
 .stab          0x000025c8      0x18c ./Source/02-ECUA/Buzzer/src/Buzzer.o
                                0x294 (size before relaxing)
 .stab          0x00002754      0x240 ./Source/02-ECUA/Button/Src/Button.o
                                0x390 (size before relaxing)
 .stab          0x00002994      0x318 ./Source/01-MCAL/UART/Src/UART.o
                                0x3a8 (size before relaxing)
 .stab          0x00002cac      0x21c ./Source/01-MCAL/Timer0/Src/Timer0.o
                                0x2ac (size before relaxing)
 .stab          0x00002ec8      0x3d8 ./Source/01-MCAL/SPI/Src/Spi.o
                                0x4e0 (size before relaxing)
 .stab          0x000032a0      0x4e0 ./Source/01-MCAL/I2C/Src/I2C.o
                                0x5f4 (size before relaxing)
 .stab          0x00003780      0x15c ./Source/01-MCAL/GINT/Src/GINT.o
                                0x1ec (size before relaxing)
 .stab          0x000038dc      0x348 ./Source/01-MCAL/EXINT/Src/ExInt.o
                                0x3d8 (size before relaxing)
 .stab          0x00003c24      0x54c ./Source/01-MCAL/Dio/Src/Dio.o
                                0x654 (size before relaxing)
 .stab          0x00004170      0x240 ./Source/01-MCAL/ADC/Src/ADC.o
                                0x30c (size before relaxing)

.stabstr        0x00000000     0x263b
 *(.stabstr)
 .stabstr       0x00000000     0x263b ./Source/04-APP/main.o

.stab.excl
 *(.stab.excl)

.stab.exclstr
 *(.stab.exclstr)

.stab.index
 *(.stab.index)

.stab.indexstr
 *(.stab.indexstr)

.comment
 *(.comment)

.debug
 *(.debug)

.line
 *(.line)

.debug_srcinfo
 *(.debug_srcinfo)

.debug_sfnames
 *(.debug_sfnames)

.debug_aranges  0x00000000      0x1a0
 *(.debug_aranges)
 .debug_aranges
                0x00000000       0x20 c:/winavr-20100110/bin/../lib/gcc/avr/4.3.3/avr5\libgcc.a(_fixunssfsi.o)
 .debug_aranges
                0x00000020       0x20 c:/winavr-20100110/bin/../lib/gcc/avr/4.3.3/avr5\libgcc.a(_addsub_sf.o)
 .debug_aranges
                0x00000040       0x20 c:/winavr-20100110/bin/../lib/gcc/avr/4.3.3/avr5\libgcc.a(_mul_sf.o)
 .debug_aranges
                0x00000060       0x20 c:/winavr-20100110/bin/../lib/gcc/avr/4.3.3/avr5\libgcc.a(_div_sf.o)
 .debug_aranges
                0x00000080       0x20 c:/winavr-20100110/bin/../lib/gcc/avr/4.3.3/avr5\libgcc.a(_gt_sf.o)
 .debug_aranges
                0x000000a0       0x20 c:/winavr-20100110/bin/../lib/gcc/avr/4.3.3/avr5\libgcc.a(_ge_sf.o)
 .debug_aranges
                0x000000c0       0x20 c:/winavr-20100110/bin/../lib/gcc/avr/4.3.3/avr5\libgcc.a(_lt_sf.o)
 .debug_aranges
                0x000000e0       0x20 c:/winavr-20100110/bin/../lib/gcc/avr/4.3.3/avr5\libgcc.a(_sf_to_si.o)
 .debug_aranges
                0x00000100       0x20 c:/winavr-20100110/bin/../lib/gcc/avr/4.3.3/avr5\libgcc.a(_usi_to_sf.o)
 .debug_aranges
                0x00000120       0x20 c:/winavr-20100110/bin/../lib/gcc/avr/4.3.3/avr5\libgcc.a(_clzsi2.o)
 .debug_aranges
                0x00000140       0x20 c:/winavr-20100110/bin/../lib/gcc/avr/4.3.3/avr5\libgcc.a(_pack_sf.o)
 .debug_aranges
                0x00000160       0x20 c:/winavr-20100110/bin/../lib/gcc/avr/4.3.3/avr5\libgcc.a(_unpack_sf.o)
 .debug_aranges
                0x00000180       0x20 c:/winavr-20100110/bin/../lib/gcc/avr/4.3.3/avr5\libgcc.a(_fpcmp_parts_sf.o)

.debug_pubnames
                0x00000000      0x1f2
 *(.debug_pubnames)
 .debug_pubnames
                0x00000000       0x23 c:/winavr-20100110/bin/../lib/gcc/avr/4.3.3/avr5\libgcc.a(_fixunssfsi.o)
 .debug_pubnames
                0x00000023       0x2c c:/winavr-20100110/bin/../lib/gcc/avr/4.3.3/avr5\libgcc.a(_addsub_sf.o)
 .debug_pubnames
                0x0000004f       0x1f c:/winavr-20100110/bin/../lib/gcc/avr/4.3.3/avr5\libgcc.a(_mul_sf.o)
 .debug_pubnames
                0x0000006e       0x1f c:/winavr-20100110/bin/../lib/gcc/avr/4.3.3/avr5\libgcc.a(_div_sf.o)
 .debug_pubnames
                0x0000008d       0x1e c:/winavr-20100110/bin/../lib/gcc/avr/4.3.3/avr5\libgcc.a(_gt_sf.o)
 .debug_pubnames
                0x000000ab       0x1e c:/winavr-20100110/bin/../lib/gcc/avr/4.3.3/avr5\libgcc.a(_ge_sf.o)
 .debug_pubnames
                0x000000c9       0x1e c:/winavr-20100110/bin/../lib/gcc/avr/4.3.3/avr5\libgcc.a(_lt_sf.o)
 .debug_pubnames
                0x000000e7       0x20 c:/winavr-20100110/bin/../lib/gcc/avr/4.3.3/avr5\libgcc.a(_sf_to_si.o)
 .debug_pubnames
                0x00000107       0x22 c:/winavr-20100110/bin/../lib/gcc/avr/4.3.3/avr5\libgcc.a(_thenan_sf.o)
 .debug_pubnames
                0x00000129       0x24 c:/winavr-20100110/bin/../lib/gcc/avr/4.3.3/avr5\libgcc.a(_usi_to_sf.o)
 .debug_pubnames
                0x0000014d       0x1f c:/winavr-20100110/bin/../lib/gcc/avr/4.3.3/avr5\libgcc.a(_clzsi2.o)
 .debug_pubnames
                0x0000016c       0x1f c:/winavr-20100110/bin/../lib/gcc/avr/4.3.3/avr5\libgcc.a(_pack_sf.o)
 .debug_pubnames
                0x0000018b       0x21 c:/winavr-20100110/bin/../lib/gcc/avr/4.3.3/avr5\libgcc.a(_unpack_sf.o)
 .debug_pubnames
                0x000001ac       0x26 c:/winavr-20100110/bin/../lib/gcc/avr/4.3.3/avr5\libgcc.a(_fpcmp_parts_sf.o)
 .debug_pubnames
                0x000001d2       0x20 c:/winavr-20100110/bin/../lib/gcc/avr/4.3.3/avr5\libgcc.a(_clz.o)

.debug_info     0x00000000     0x240b
 *(.debug_info)
 .debug_info    0x00000000       0xb1 c:/winavr-20100110/bin/../lib/gcc/avr/4.3.3/avr5\libgcc.a(_fixunssfsi.o)
 .debug_info    0x000000b1      0x47a c:/winavr-20100110/bin/../lib/gcc/avr/4.3.3/avr5\libgcc.a(_addsub_sf.o)
 .debug_info    0x0000052b      0x485 c:/winavr-20100110/bin/../lib/gcc/avr/4.3.3/avr5\libgcc.a(_mul_sf.o)
 .debug_info    0x000009b0      0x3fc c:/winavr-20100110/bin/../lib/gcc/avr/4.3.3/avr5\libgcc.a(_div_sf.o)
 .debug_info    0x00000dac      0x27f c:/winavr-20100110/bin/../lib/gcc/avr/4.3.3/avr5\libgcc.a(_gt_sf.o)
 .debug_info    0x0000102b      0x27f c:/winavr-20100110/bin/../lib/gcc/avr/4.3.3/avr5\libgcc.a(_ge_sf.o)
 .debug_info    0x000012aa      0x27f c:/winavr-20100110/bin/../lib/gcc/avr/4.3.3/avr5\libgcc.a(_lt_sf.o)
 .debug_info    0x00001529      0x2b0 c:/winavr-20100110/bin/../lib/gcc/avr/4.3.3/avr5\libgcc.a(_sf_to_si.o)
 .debug_info    0x000017d9      0x12c c:/winavr-20100110/bin/../lib/gcc/avr/4.3.3/avr5\libgcc.a(_thenan_sf.o)
 .debug_info    0x00001905      0x206 c:/winavr-20100110/bin/../lib/gcc/avr/4.3.3/avr5\libgcc.a(_usi_to_sf.o)
 .debug_info    0x00001b0b      0x117 c:/winavr-20100110/bin/../lib/gcc/avr/4.3.3/avr5\libgcc.a(_clzsi2.o)
 .debug_info    0x00001c22      0x2df c:/winavr-20100110/bin/../lib/gcc/avr/4.3.3/avr5\libgcc.a(_pack_sf.o)
 .debug_info    0x00001f01      0x251 c:/winavr-20100110/bin/../lib/gcc/avr/4.3.3/avr5\libgcc.a(_unpack_sf.o)
 .debug_info    0x00002152      0x210 c:/winavr-20100110/bin/../lib/gcc/avr/4.3.3/avr5\libgcc.a(_fpcmp_parts_sf.o)
 .debug_info    0x00002362       0xa9 c:/winavr-20100110/bin/../lib/gcc/avr/4.3.3/avr5\libgcc.a(_clz.o)
 *(.gnu.linkonce.wi.*)

.debug_abbrev   0x00000000     0x1386
 *(.debug_abbrev)
 .debug_abbrev  0x00000000       0x5d c:/winavr-20100110/bin/../lib/gcc/avr/4.3.3/avr5\libgcc.a(_fixunssfsi.o)
 .debug_abbrev  0x0000005d      0x1ea c:/winavr-20100110/bin/../lib/gcc/avr/4.3.3/avr5\libgcc.a(_addsub_sf.o)
 .debug_abbrev  0x00000247      0x21b c:/winavr-20100110/bin/../lib/gcc/avr/4.3.3/avr5\libgcc.a(_mul_sf.o)
 .debug_abbrev  0x00000462      0x216 c:/winavr-20100110/bin/../lib/gcc/avr/4.3.3/avr5\libgcc.a(_div_sf.o)
 .debug_abbrev  0x00000678      0x15a c:/winavr-20100110/bin/../lib/gcc/avr/4.3.3/avr5\libgcc.a(_gt_sf.o)
 .debug_abbrev  0x000007d2      0x15a c:/winavr-20100110/bin/../lib/gcc/avr/4.3.3/avr5\libgcc.a(_ge_sf.o)
 .debug_abbrev  0x0000092c      0x15a c:/winavr-20100110/bin/../lib/gcc/avr/4.3.3/avr5\libgcc.a(_lt_sf.o)
 .debug_abbrev  0x00000a86      0x17f c:/winavr-20100110/bin/../lib/gcc/avr/4.3.3/avr5\libgcc.a(_sf_to_si.o)
 .debug_abbrev  0x00000c05       0xad c:/winavr-20100110/bin/../lib/gcc/avr/4.3.3/avr5\libgcc.a(_thenan_sf.o)
 .debug_abbrev  0x00000cb2      0x157 c:/winavr-20100110/bin/../lib/gcc/avr/4.3.3/avr5\libgcc.a(_usi_to_sf.o)
 .debug_abbrev  0x00000e09       0xc4 c:/winavr-20100110/bin/../lib/gcc/avr/4.3.3/avr5\libgcc.a(_clzsi2.o)
 .debug_abbrev  0x00000ecd      0x1c0 c:/winavr-20100110/bin/../lib/gcc/avr/4.3.3/avr5\libgcc.a(_pack_sf.o)
 .debug_abbrev  0x0000108d      0x154 c:/winavr-20100110/bin/../lib/gcc/avr/4.3.3/avr5\libgcc.a(_unpack_sf.o)
 .debug_abbrev  0x000011e1      0x13b c:/winavr-20100110/bin/../lib/gcc/avr/4.3.3/avr5\libgcc.a(_fpcmp_parts_sf.o)
 .debug_abbrev  0x0000131c       0x6a c:/winavr-20100110/bin/../lib/gcc/avr/4.3.3/avr5\libgcc.a(_clz.o)

.debug_line     0x00000000     0x11d6
 *(.debug_line)
 .debug_line    0x00000000       0xa7 c:/winavr-20100110/bin/../lib/gcc/avr/4.3.3/avr5\libgcc.a(_fixunssfsi.o)
 .debug_line    0x000000a7      0x2af c:/winavr-20100110/bin/../lib/gcc/avr/4.3.3/avr5\libgcc.a(_addsub_sf.o)
 .debug_line    0x00000356      0x239 c:/winavr-20100110/bin/../lib/gcc/avr/4.3.3/avr5\libgcc.a(_mul_sf.o)
 .debug_line    0x0000058f      0x1d5 c:/winavr-20100110/bin/../lib/gcc/avr/4.3.3/avr5\libgcc.a(_div_sf.o)
 .debug_line    0x00000764       0xd3 c:/winavr-20100110/bin/../lib/gcc/avr/4.3.3/avr5\libgcc.a(_gt_sf.o)
 .debug_line    0x00000837       0xd3 c:/winavr-20100110/bin/../lib/gcc/avr/4.3.3/avr5\libgcc.a(_ge_sf.o)
 .debug_line    0x0000090a       0xd3 c:/winavr-20100110/bin/../lib/gcc/avr/4.3.3/avr5\libgcc.a(_lt_sf.o)
 .debug_line    0x000009dd      0x109 c:/winavr-20100110/bin/../lib/gcc/avr/4.3.3/avr5\libgcc.a(_sf_to_si.o)
 .debug_line    0x00000ae6       0x90 c:/winavr-20100110/bin/../lib/gcc/avr/4.3.3/avr5\libgcc.a(_thenan_sf.o)
 .debug_line    0x00000b76      0x133 c:/winavr-20100110/bin/../lib/gcc/avr/4.3.3/avr5\libgcc.a(_usi_to_sf.o)
 .debug_line    0x00000ca9       0xa5 c:/winavr-20100110/bin/../lib/gcc/avr/4.3.3/avr5\libgcc.a(_clzsi2.o)
 .debug_line    0x00000d4e      0x18a c:/winavr-20100110/bin/../lib/gcc/avr/4.3.3/avr5\libgcc.a(_pack_sf.o)
 .debug_line    0x00000ed8      0x14b c:/winavr-20100110/bin/../lib/gcc/avr/4.3.3/avr5\libgcc.a(_unpack_sf.o)
 .debug_line    0x00001023      0x137 c:/winavr-20100110/bin/../lib/gcc/avr/4.3.3/avr5\libgcc.a(_fpcmp_parts_sf.o)
 .debug_line    0x0000115a       0x7c c:/winavr-20100110/bin/../lib/gcc/avr/4.3.3/avr5\libgcc.a(_clz.o)

.debug_frame    0x00000000      0x1c0
 *(.debug_frame)
 .debug_frame   0x00000000       0x20 c:/winavr-20100110/bin/../lib/gcc/avr/4.3.3/avr5\libgcc.a(_fixunssfsi.o)
 .debug_frame   0x00000020       0x40 c:/winavr-20100110/bin/../lib/gcc/avr/4.3.3/avr5\libgcc.a(_addsub_sf.o)
 .debug_frame   0x00000060       0x20 c:/winavr-20100110/bin/../lib/gcc/avr/4.3.3/avr5\libgcc.a(_mul_sf.o)
 .debug_frame   0x00000080       0x20 c:/winavr-20100110/bin/../lib/gcc/avr/4.3.3/avr5\libgcc.a(_div_sf.o)
 .debug_frame   0x000000a0       0x20 c:/winavr-20100110/bin/../lib/gcc/avr/4.3.3/avr5\libgcc.a(_gt_sf.o)
 .debug_frame   0x000000c0       0x20 c:/winavr-20100110/bin/../lib/gcc/avr/4.3.3/avr5\libgcc.a(_ge_sf.o)
 .debug_frame   0x000000e0       0x20 c:/winavr-20100110/bin/../lib/gcc/avr/4.3.3/avr5\libgcc.a(_lt_sf.o)
 .debug_frame   0x00000100       0x20 c:/winavr-20100110/bin/../lib/gcc/avr/4.3.3/avr5\libgcc.a(_sf_to_si.o)
 .debug_frame   0x00000120       0x20 c:/winavr-20100110/bin/../lib/gcc/avr/4.3.3/avr5\libgcc.a(_usi_to_sf.o)
 .debug_frame   0x00000140       0x20 c:/winavr-20100110/bin/../lib/gcc/avr/4.3.3/avr5\libgcc.a(_clzsi2.o)
 .debug_frame   0x00000160       0x20 c:/winavr-20100110/bin/../lib/gcc/avr/4.3.3/avr5\libgcc.a(_pack_sf.o)
 .debug_frame   0x00000180       0x20 c:/winavr-20100110/bin/../lib/gcc/avr/4.3.3/avr5\libgcc.a(_unpack_sf.o)
 .debug_frame   0x000001a0       0x20 c:/winavr-20100110/bin/../lib/gcc/avr/4.3.3/avr5\libgcc.a(_fpcmp_parts_sf.o)

.debug_str      0x00000000      0x2f6
 *(.debug_str)
 .debug_str     0x00000000       0xbf c:/winavr-20100110/bin/../lib/gcc/avr/4.3.3/avr5\libgcc.a(_fixunssfsi.o)
                                 0xfe (size before relaxing)
 .debug_str     0x000000bf      0x14d c:/winavr-20100110/bin/../lib/gcc/avr/4.3.3/avr5\libgcc.a(_addsub_sf.o)
                                0x206 (size before relaxing)
 .debug_str     0x0000020c       0x27 c:/winavr-20100110/bin/../lib/gcc/avr/4.3.3/avr5\libgcc.a(_mul_sf.o)
                                0x1bf (size before relaxing)
 .debug_str     0x00000233       0x35 c:/winavr-20100110/bin/../lib/gcc/avr/4.3.3/avr5\libgcc.a(_div_sf.o)
                                0x1c8 (size before relaxing)
 .debug_str     0x00000268        0x8 c:/winavr-20100110/bin/../lib/gcc/avr/4.3.3/avr5\libgcc.a(_gt_sf.o)
                                0x195 (size before relaxing)
 .debug_str     0x00000270        0x8 c:/winavr-20100110/bin/../lib/gcc/avr/4.3.3/avr5\libgcc.a(_ge_sf.o)
                                0x195 (size before relaxing)
 .debug_str     0x00000278        0x8 c:/winavr-20100110/bin/../lib/gcc/avr/4.3.3/avr5\libgcc.a(_lt_sf.o)
                                0x195 (size before relaxing)
 .debug_str     0x00000280        0xa c:/winavr-20100110/bin/../lib/gcc/avr/4.3.3/avr5\libgcc.a(_sf_to_si.o)
                                0x19e (size before relaxing)
 .debug_str     0x00000000      0x103 c:/winavr-20100110/bin/../lib/gcc/avr/4.3.3/avr5\libgcc.a(_thenan_sf.o)
 .debug_str     0x0000028a       0x21 c:/winavr-20100110/bin/../lib/gcc/avr/4.3.3/avr5\libgcc.a(_usi_to_sf.o)
                                0x177 (size before relaxing)
 .debug_str     0x000002ab       0x20 c:/winavr-20100110/bin/../lib/gcc/avr/4.3.3/avr5\libgcc.a(_clzsi2.o)
                                0x111 (size before relaxing)
 .debug_str     0x000002cb       0x10 c:/winavr-20100110/bin/../lib/gcc/avr/4.3.3/avr5\libgcc.a(_pack_sf.o)
                                0x19d (size before relaxing)
 .debug_str     0x000002db        0xb c:/winavr-20100110/bin/../lib/gcc/avr/4.3.3/avr5\libgcc.a(_unpack_sf.o)
                                0x17f (size before relaxing)
 .debug_str     0x000002e6       0x10 c:/winavr-20100110/bin/../lib/gcc/avr/4.3.3/avr5\libgcc.a(_fpcmp_parts_sf.o)
                                0x163 (size before relaxing)
 .debug_str     0x00000000       0xf4 c:/winavr-20100110/bin/../lib/gcc/avr/4.3.3/avr5\libgcc.a(_clz.o)

.debug_loc      0x00000000      0x96e
 *(.debug_loc)
 .debug_loc     0x00000000       0x34 c:/winavr-20100110/bin/../lib/gcc/avr/4.3.3/avr5\libgcc.a(_fixunssfsi.o)
 .debug_loc     0x00000034      0x32a c:/winavr-20100110/bin/../lib/gcc/avr/4.3.3/avr5\libgcc.a(_addsub_sf.o)
 .debug_loc     0x0000035e      0x104 c:/winavr-20100110/bin/../lib/gcc/avr/4.3.3/avr5\libgcc.a(_mul_sf.o)
 .debug_loc     0x00000462       0xc0 c:/winavr-20100110/bin/../lib/gcc/avr/4.3.3/avr5\libgcc.a(_div_sf.o)
 .debug_loc     0x00000522       0x3c c:/winavr-20100110/bin/../lib/gcc/avr/4.3.3/avr5\libgcc.a(_gt_sf.o)
 .debug_loc     0x0000055e       0x3c c:/winavr-20100110/bin/../lib/gcc/avr/4.3.3/avr5\libgcc.a(_ge_sf.o)
 .debug_loc     0x0000059a       0x3c c:/winavr-20100110/bin/../lib/gcc/avr/4.3.3/avr5\libgcc.a(_lt_sf.o)
 .debug_loc     0x000005d6       0x7e c:/winavr-20100110/bin/../lib/gcc/avr/4.3.3/avr5\libgcc.a(_sf_to_si.o)
 .debug_loc     0x00000654       0x4c c:/winavr-20100110/bin/../lib/gcc/avr/4.3.3/avr5\libgcc.a(_usi_to_sf.o)
 .debug_loc     0x000006a0       0x94 c:/winavr-20100110/bin/../lib/gcc/avr/4.3.3/avr5\libgcc.a(_clzsi2.o)
 .debug_loc     0x00000734      0x13e c:/winavr-20100110/bin/../lib/gcc/avr/4.3.3/avr5\libgcc.a(_pack_sf.o)
 .debug_loc     0x00000872       0xac c:/winavr-20100110/bin/../lib/gcc/avr/4.3.3/avr5\libgcc.a(_unpack_sf.o)
 .debug_loc     0x0000091e       0x50 c:/winavr-20100110/bin/../lib/gcc/avr/4.3.3/avr5\libgcc.a(_fpcmp_parts_sf.o)

.debug_macinfo
 *(.debug_macinfo)
OUTPUT(session_27_8_updated.elf elf32-avr)
LOAD linker stubs

.debug_ranges   0x00000000       0x50
 .debug_ranges  0x00000000       0x50 c:/winavr-20100110/bin/../lib/gcc/avr/4.3.3/avr5\libgcc.a(_mul_sf.o)
